../Core/Src/main.c:90:1:__io_putchar	16	static
../Core/Src/main.c:96:6:AD7091R_Init	16	static
../Core/Src/main.c:110:10:AD7091R_ReadData	16	static
../Core/Src/main.c:137:10:get_filtered_reading	16	static
../Core/Src/main.c:147:7:raw_to_voltage_mV	16	static
../Core/Src/main.c:152:7:voltage_to_current_mA	16	static
../Core/Src/main.c:166:5:main	8	static
../Core/Src/main.c:227:6:SystemClock_Config	120	static
../Core/Src/main.c:288:6:MPU_Config	24	static
../Core/Src/main.c:323:6:HAL_TIM_PeriodElapsedCallback	16	static
../Core/Src/main.c:341:6:Error_Handler	4	static,ignoring_inline_asm
